// Jest Snapshot v1, https://goo.gl/fbAQLP

exports[`AlertComponent should render 1`] = `<div />`;
