// Jest Snapshot v1, https://goo.gl/fbAQLP

exports[`PrivateRoutes should render the PrivateRoutes component and redirect to home 1`] = `
<div>
  <main
    class="MuiBox-root css-dgaybt"
  >
    <div
      class="MuiContainer-root MuiContainer-maxWidthSm css-cuefkz-MuiContainer-root"
    >
      <div
        class="MuiBox-root css-15gobu2"
      >
        <h4
          class="MuiTypography-root MuiTypography-h4 MuiTypography-alignCenter css-149xwtl-MuiTypography-root"
        >
          ☀️ Desafio Técnico
        </h4>
        <span
          aria-valuemax="100"
          aria-valuemin="0"
          aria-valuenow="0"
          class="MuiLinearProgress-root MuiLinearProgress-colorPrimary MuiLinearProgress-determinate css-10zxdc7-MuiLinearProgress-root"
          role="progressbar"
        >
          <span
            class="MuiLinearProgress-bar MuiLinearProgress-barColorPrimary MuiLinearProgress-bar1Determinate css-5xe99f-MuiLinearProgress-bar1"
            style="transform: translateX(-100%);"
          />
        </span>
        <h6
          class="MuiTypography-root MuiTypography-h6 MuiTypography-alignCenter css-1kgxqm0-MuiTypography-root"
        >
          Builders
        </h6>
      </div>
    </div>
  </main>
</div>
`;
