// Jest Snapshot v1, https://goo.gl/fbAQLP

exports[`DegreesComponent should render correctly 1`] = `
<div>
  <div
    class="MuiGrid-root MuiGrid-item MuiGrid-grid-xs-12 css-13i4rnv-MuiGrid-root"
  >
    <div
      class="MuiBox-root css-t81ctj"
    >
      <h2
        class="MuiTypography-root MuiTypography-h2 MuiTypography-alignCenter css-1ofdcil-MuiTypography-root"
      >
        -273.15
        ËšC
      </h2>
    </div>
  </div>
</div>
`;
